# map_big_01 — большая карта, очаги в центре
# " трава, t дерево, w вода, _ ров

size = 22 36

terrain:
w"""""""""""""""""""""""""""""""""""
w"""""ttt""""""""""ttt""""""""""""""
w"""ttttt""""""""""ttttt""""""""""""
w"""""""ttt""""""""""""ttt""""""""""
w"""tt""""""""""tt""""""""""tt""""""
w"""""""""""""""""""""""""""""""""""
w"""""tttttt""""""""tttttt""""""""""
w"""""""""""""""""""""""""""""""""""
w"""""ttt""""""""""""""ttt""""""""""
w"""""""""""""""""""""""""""""""""""
w""ttttt""""""""""ttttt"""""""""""""
w"""""""""""""""""""""""""""""""""""
w""""""""tttt"""""""""""""""""""""""
w"""""""""""""""""""""""""""""""""""
w"""ttt""""""""""""""""""tttt"""""""
w"""""""""""""""""""""""""""""""""""
w"""""""""""""""""""""""""""""""""""
w"""tttt""""""""""""tttt""""""""""""
w"""""""""""""""""""""""""""""""""""
w"""""""""""""""""""""""""""""""""""
w"""""""""""""""""""""""""""""""""""
w"""""""""""""""""""""""""""""""""""

ignition:
9 17
11 18
10 20

sensors:
4 6
4 30
8 18
15 8
15 28
10 22

station_candidates:
9 15
9 19
10 12
10 24
12 17